GAS LISTING /tmp/ccipTYSm.s 			page 1


   1              		.file	"main.cpp"
   2              		.option pic
   3              		.option norelax
   4              		.text
   5              	.Ltext0:
   6              		.align	2
   7              		.globl	_Z11printStringPKc
   9              	_Z11printStringPKc:
  10              	.LFB0:
  11              		.file 1 "src/main.cpp"
   1:src/main.cpp  **** //
   2:src/main.cpp  **** // Created by os on 6/1/26.
   3:src/main.cpp  **** //
   4:src/main.cpp  **** 
   5:src/main.cpp  **** #include "../lib/console.h"
   6:src/main.cpp  **** #include "../h/MemoryAllocator.hpp"
   7:src/main.cpp  **** 
   8:src/main.cpp  **** void printString(const char*str){
  12              		.loc 1 8 33
  13              		.cfi_startproc
  14              	.LVL0:
  15 0000 130101FE 		addi	sp,sp,-32
  16              		.cfi_def_cfa_offset 32
  17 0004 233C1100 		sd	ra,24(sp)
  18 0008 23388100 		sd	s0,16(sp)
  19 000c 23349100 		sd	s1,8(sp)
  20              		.cfi_offset 1, -8
  21              		.cfi_offset 8, -16
  22              		.cfi_offset 9, -24
  23 0010 13040102 		addi	s0,sp,32
  24              		.cfi_def_cfa 8, 0
  25 0014 93040500 		mv	s1,a0
  26              	.LVL1:
  27              	.L3:
   9:src/main.cpp  ****     while (*str){
  28              		.loc 1 9 5
  29              		.loc 1 9 13
  30              		.loc 1 9 12 is_stmt 0
  31 0018 03C50400 		lbu	a0,0(s1)
  32              		.loc 1 9 13
  33 001c 630A0500 		beqz	a0,.L1
  10:src/main.cpp  ****         __putc(*str);
  34              		.loc 1 10 9 is_stmt 1
  35              		.loc 1 10 15 is_stmt 0
  36 0020 97000000 		call	__putc@plt
  36      E7800000 
  37              	.LVL2:
  11:src/main.cpp  ****         str++;
  38              		.loc 1 11 9 is_stmt 1
  39              		.loc 1 11 12 is_stmt 0
  40 0028 93841400 		addi	s1,s1,1
  41              	.LVL3:
   9:src/main.cpp  ****     while (*str){
  42              		.loc 1 9 5
  43 002c 6FF0DFFE 		j	.L3
  44              	.L1:
  12:src/main.cpp  ****     }
GAS LISTING /tmp/ccipTYSm.s 			page 2


  13:src/main.cpp  **** }
  45              		.loc 1 13 1
  46 0030 83308101 		ld	ra,24(sp)
  47              		.cfi_restore 1
  48 0034 03340101 		ld	s0,16(sp)
  49              		.cfi_restore 8
  50              		.cfi_def_cfa 2, 32
  51 0038 83348100 		ld	s1,8(sp)
  52              		.cfi_restore 9
  53              	.LVL4:
  54 003c 13010102 		addi	sp,sp,32
  55              		.cfi_def_cfa_offset 0
  56 0040 67800000 		jr	ra
  57              		.cfi_endproc
  58              	.LFE0:
  60              		.section	.rodata.str1.8,"aMS",@progbits,1
  61              		.align	3
  62              	.LC0:
  63 0000 30313233 		.string	"0123456789ABCDEF"
  63      34353637 
  63      38394142 
  63      43444546 
  63      00
  64              		.text
  65              		.align	2
  66              		.globl	_Z8printHexm
  68              	_Z8printHexm:
  69              	.LFB1:
  14:src/main.cpp  **** 
  15:src/main.cpp  **** void printHex(size_t n){
  70              		.loc 1 15 24 is_stmt 1
  71              		.cfi_startproc
  72              	.LVL5:
  73 0044 130101FB 		addi	sp,sp,-80
  74              		.cfi_def_cfa_offset 80
  75 0048 23341104 		sd	ra,72(sp)
  76 004c 23308104 		sd	s0,64(sp)
  77 0050 233C9102 		sd	s1,56(sp)
  78              		.cfi_offset 1, -8
  79              		.cfi_offset 8, -16
  80              		.cfi_offset 9, -24
  81 0054 13040105 		addi	s0,sp,80
  82              		.cfi_def_cfa 8, 0
  16:src/main.cpp  ****     char hexDigits[] = "0123456789ABCDEF";
  83              		.loc 1 16 5
  84              		.loc 1 16 10 is_stmt 0
  85 0058 97070000 		lla	a5,.LC0
  85      93870700 
  86 0060 03B70700 		ld	a4,0(a5)
  87 0064 2334E4FC 		sd	a4,-56(s0)
  88 0068 03B78700 		ld	a4,8(a5)
  89 006c 2338E4FC 		sd	a4,-48(s0)
  90 0070 83C70701 		lbu	a5,16(a5)
  91 0074 230CF4FC 		sb	a5,-40(s0)
  17:src/main.cpp  ****     char buffer[16];
  92              		.loc 1 17 5 is_stmt 1
  18:src/main.cpp  **** 
GAS LISTING /tmp/ccipTYSm.s 			page 3


  19:src/main.cpp  ****     int i= 0;
  93              		.loc 1 19 5
  94              	.LVL6:
  95              		.loc 1 19 9 is_stmt 0
  96 0078 93040000 		li	s1,0
  97              	.LVL7:
  98              	.L7:
  20:src/main.cpp  **** 
  21:src/main.cpp  ****     while (n > 0){
  99              		.loc 1 21 5 is_stmt 1
 100              		.loc 1 21 14
 101 007c 63060502 		beqz	a0,.L6
  22:src/main.cpp  ****         buffer [i++] = hexDigits[n%16];
 102              		.loc 1 22 9
 103              		.loc 1 22 35 is_stmt 0
 104 0080 9377F500 		andi	a5,a0,15
 105              	.LVL8:
 106              		.loc 1 22 38
 107 0084 130704FE 		addi	a4,s0,-32
 108 0088 B307F700 		add	a5,a4,a5
 109 008c 03C787FE 		lbu	a4,-24(a5)
 110              		.loc 1 22 22
 111 0090 930704FE 		addi	a5,s0,-32
 112 0094 B3879700 		add	a5,a5,s1
 113 0098 238CE7FC 		sb	a4,-40(a5)
  23:src/main.cpp  ****         n/= 16;
 114              		.loc 1 23 9 is_stmt 1
 115              		.loc 1 23 10 is_stmt 0
 116 009c 13554500 		srli	a0,a0,4
 117              	.LVL9:
  22:src/main.cpp  ****         buffer [i++] = hexDigits[n%16];
 118              		.loc 1 22 18
 119 00a0 9B841400 		addiw	s1,s1,1
 120              	.LVL10:
  21:src/main.cpp  ****         buffer [i++] = hexDigits[n%16];
 121              		.loc 1 21 5
 122 00a4 6FF09FFD 		j	.L7
 123              	.LVL11:
 124              	.L6:
  24:src/main.cpp  ****     }
  25:src/main.cpp  **** 
  26:src/main.cpp  ****     while (--i>=0){
 125              		.loc 1 26 5 is_stmt 1
 126              		.loc 1 26 15
 127 00a8 9B84F4FF 		addiw	s1,s1,-1
 128              	.LVL12:
 129 00ac 63CE0400 		bltz	s1,.L5
  27:src/main.cpp  ****         __putc(buffer[i]);
 130              		.loc 1 27 9
 131              		.loc 1 27 15 is_stmt 0
 132 00b0 930704FE 		addi	a5,s0,-32
 133 00b4 B3879700 		add	a5,a5,s1
 134 00b8 03C587FD 		lbu	a0,-40(a5)
 135 00bc 97000000 		call	__putc@plt
 135      E7800000 
 136              	.LVL13:
 137 00c4 6FF05FFE 		j	.L6
GAS LISTING /tmp/ccipTYSm.s 			page 4


 138              	.L5:
  28:src/main.cpp  ****     }
  29:src/main.cpp  **** }
 139              		.loc 1 29 1
 140 00c8 83308104 		ld	ra,72(sp)
 141              		.cfi_restore 1
 142 00cc 03340104 		ld	s0,64(sp)
 143              		.cfi_restore 8
 144              		.cfi_def_cfa 2, 80
 145 00d0 83348103 		ld	s1,56(sp)
 146              		.cfi_restore 9
 147 00d4 13010105 		addi	sp,sp,80
 148              		.cfi_def_cfa_offset 0
 149 00d8 67800000 		jr	ra
 150              		.cfi_endproc
 151              	.LFE1:
 153              		.section	.rodata.str1.8
 154 0011 00000000 		.align	3
 154      000000
 155              	.LC1:
 156 0018 0A3D3D3D 		.string	"\n============ MOJ MEMORY ALOKATOR TEST =============\n"
 156      3D3D3D3D 
 156      3D3D3D3D 
 156      3D204D4F 
 156      4A204D45 
 157 004e 0000     		.align	3
 158              	.LC2:
 159 0050 54455354 		.string	"TEST1\n"
 159      310A00
 160 0057 00       		.align	3
 161              	.LC3:
 162 0058 50525649 		.string	"PRVI MALLOC VRATIO NULL"
 162      204D414C 
 162      4C4F4320 
 162      56524154 
 162      494F204E 
 163              		.align	3
 164              	.LC4:
 165 0070 41445245 		.string	"ADRESA PTR1 = "
 165      53412050 
 165      54523120 
 165      3D2000
 166 007f 00       		.align	3
 167              	.LC5:
 168 0080 0A00     		.string	"\n"
 169 0082 00000000 		.align	3
 169      0000
 170              	.LC6:
 171 0088 55504953 		.string	"UPIS U PTR1 USPESAN\n"
 171      20552050 
 171      54523120 
 171      55535045 
 171      53414E0A 
 172 009d 000000   		.align	3
 173              	.LC7:
 174 00a0 54455354 		.string	"TEST2/\n"
 174      322F0A00 
GAS LISTING /tmp/ccipTYSm.s 			page 5


 175              		.align	3
 176              	.LC8:
 177 00a8 44525547 		.string	"DRUGI MEMALPC VRATIO NULL"
 177      49204D45 
 177      4D414C50 
 177      43205652 
 177      4154494F 
 178 00c2 00000000 		.align	3
 178      0000
 179              	.LC9:
 180 00c8 41445245 		.string	"ADRESA PTR2 = "
 180      53412050 
 180      54523220 
 180      3D2000
 181 00d7 00       		.align	3
 182              	.LC10:
 183 00d8 47524553 		.string	"GRESKA PTR2 < PTR1"
 183      4B412050 
 183      54523220 
 183      3C205054 
 183      523100
 184 00eb 00000000 		.align	3
 184      00
 185              	.LC11:
 186 00f0 5241534C 		.string	"RASLIKA PTR2 i PTR1 = "
 186      494B4120 
 186      50545232 
 186      20692050 
 186      54523120 
 187 0107 00       		.align	3
 188              	.LC12:
 189 0108 54455354 		.string	"TEST 3"
 189      203300
 190 010f 00       		.align	3
 191              	.LC13:
 192 0110 54524543 		.string	"TRECI MEMALLOC VRATIO NLL"
 192      49204D45 
 192      4D414C4C 
 192      4F432056 
 192      52415449 
 193 012a 00000000 		.align	3
 193      0000
 194              	.LC14:
 195 0130 41445245 		.string	"ADRESA PTR3 ="
 195      53412050 
 195      54523320 
 195      3D00
 196 013e 0000     		.align	3
 197              	.LC15:
 198 0140 54455453 		.string	"TETS 4"
 198      203400
 199 0147 00       		.align	3
 200              	.LC16:
 201 0148 4E455553 		.string	"NEUSPESNO OSLOBODJEN PTR2"
 201      5045534E 
 201      4F204F53 
 201      4C4F424F 
GAS LISTING /tmp/ccipTYSm.s 			page 6


 201      444A454E 
 202 0162 00000000 		.align	3
 202      0000
 203              	.LC17:
 204 0168 4E455553 		.string	"NEUSPESNO OSLOBODJEN PTR3"
 204      5045534E 
 204      4F204F53 
 204      4C4F424F 
 204      444A454E 
 205 0182 00000000 		.align	3
 205      0000
 206              	.LC18:
 207 0188 4E455553 		.string	"NEUSPESNO OSLOBODJEN PTR1"
 207      5045534E 
 207      4F204F53 
 207      4C4F424F 
 207      444A454E 
 208 01a2 00000000 		.align	3
 208      0000
 209              	.LC19:
 210 01a8 50524F56 		.string	"PROVERA SPAJANJA\n"
 210      45524120 
 210      5350414A 
 210      414E4A41 
 210      0A00
 211 01ba 00000000 		.align	3
 211      0000
 212              	.LC20:
 213 01c0 4E455553 		.string	"NEUSPELA PROVERA"
 213      50454C41 
 213      2050524F 
 213      56455241 
 213      00
 214 01d1 00000000 		.align	3
 214      000000
 215              	.LC21:
 216 01d8 41445257 		.string	"ADRWSA PROVERE = "
 216      53412050 
 216      524F5645 
 216      5245203D 
 216      2000
 217              		.text
 218              		.align	2
 219              		.globl	_Z11pokrenitestv
 221              	_Z11pokrenitestv:
 222              	.LFB2:
  30:src/main.cpp  **** 
  31:src/main.cpp  **** 
  32:src/main.cpp  **** void pokrenitest(){
 223              		.loc 1 32 19 is_stmt 1
 224              		.cfi_startproc
 225 00dc 130101FD 		addi	sp,sp,-48
 226              		.cfi_def_cfa_offset 48
 227 00e0 23341102 		sd	ra,40(sp)
 228 00e4 23308102 		sd	s0,32(sp)
 229 00e8 233C9100 		sd	s1,24(sp)
 230 00ec 23382101 		sd	s2,16(sp)
GAS LISTING /tmp/ccipTYSm.s 			page 7


 231 00f0 23343101 		sd	s3,8(sp)
 232              		.cfi_offset 1, -8
 233              		.cfi_offset 8, -16
 234              		.cfi_offset 9, -24
 235              		.cfi_offset 18, -32
 236              		.cfi_offset 19, -40
 237 00f4 13040103 		addi	s0,sp,48
 238              		.cfi_def_cfa 8, 0
  33:src/main.cpp  ****     printString("\n============ MOJ MEMORY ALOKATOR TEST =============\n");
 239              		.loc 1 33 5
 240              		.loc 1 33 16 is_stmt 0
 241 00f8 17050000 		lla	a0,.LC1
 241      13050500 
 242 0100 97000000 		call	_Z11printStringPKc
 242      E7800000 
 243              	.LVL14:
  34:src/main.cpp  ****     printString("TEST1\n");
 244              		.loc 1 34 5 is_stmt 1
 245              		.loc 1 34 16 is_stmt 0
 246 0108 17050000 		lla	a0,.LC2
 246      13050500 
 247 0110 97000000 		call	_Z11printStringPKc
 247      E7800000 
 248              	.LVL15:
  35:src/main.cpp  ****     char *ptr1 = (char*)MemoryAllocator::mem_alloc(64);
 249              		.loc 1 35 5 is_stmt 1
 250              		.loc 1 35 51 is_stmt 0
 251 0118 13050004 		li	a0,64
 252 011c 97000000 		call	_ZN15MemoryAllocator9mem_allocEm@plt
 252      E7800000 
 253              	.LVL16:
  36:src/main.cpp  ****     if (ptr1 == nullptr){
 254              		.loc 1 36 5 is_stmt 1
 255 0124 630E0502 		beqz	a0,.L23
 256 0128 93040500 		mv	s1,a0
  37:src/main.cpp  ****         printString("PRVI MALLOC VRATIO NULL");
  38:src/main.cpp  ****         return;
  39:src/main.cpp  ****     }
  40:src/main.cpp  **** 
  41:src/main.cpp  ****     printString("ADRESA PTR1 = ");
 257              		.loc 1 41 5
 258              		.loc 1 41 16 is_stmt 0
 259 012c 17050000 		lla	a0,.LC4
 259      13050500 
 260              	.LVL17:
 261 0134 97000000 		call	_Z11printStringPKc
 261      E7800000 
 262              	.LVL18:
  42:src/main.cpp  ****     printHex((size_t)ptr1);
 263              		.loc 1 42 5 is_stmt 1
 264              		.loc 1 42 13 is_stmt 0
 265 013c 13850400 		mv	a0,s1
 266 0140 97000000 		call	_Z8printHexm
 266      E7800000 
 267              	.LVL19:
  43:src/main.cpp  ****     printString("\n");
 268              		.loc 1 43 5 is_stmt 1
GAS LISTING /tmp/ccipTYSm.s 			page 8


 269              		.loc 1 43 16 is_stmt 0
 270 0148 17050000 		lla	a0,.LC5
 270      13050500 
 271 0150 97000000 		call	_Z11printStringPKc
 271      E7800000 
 272              	.LVL20:
  44:src/main.cpp  **** 
  45:src/main.cpp  ****     for (int i = 0; i < 64; i++){
 273              		.loc 1 45 5 is_stmt 1
 274              	.LBB2:
 275              		.loc 1 45 14 is_stmt 0
 276 0158 93070000 		li	a5,0
 277 015c 6F008002 		j	.L14
 278              	.LVL21:
 279              	.L23:
 280              	.LBE2:
  37:src/main.cpp  ****         return;
 281              		.loc 1 37 9 is_stmt 1
  37:src/main.cpp  ****         return;
 282              		.loc 1 37 20 is_stmt 0
 283 0160 17050000 		lla	a0,.LC3
 283      13050500 
 284              	.LVL22:
 285 0168 97000000 		call	_Z11printStringPKc
 285      E7800000 
 286              	.LVL23:
  38:src/main.cpp  ****     }
 287              		.loc 1 38 9 is_stmt 1
 288 0170 6F00401C 		j	.L10
 289              	.LVL24:
 290              	.L24:
 291              	.LBB3:
  46:src/main.cpp  ****         ptr1[i] = 'X';
 292              		.loc 1 46 9 discriminator 2
 293              		.loc 1 46 15 is_stmt 0 discriminator 2
 294 0174 3387F400 		add	a4,s1,a5
 295              		.loc 1 46 17 discriminator 2
 296 0178 93068005 		li	a3,88
 297 017c 2300D700 		sb	a3,0(a4)
  45:src/main.cpp  ****         ptr1[i] = 'X';
 298              		.loc 1 45 5 is_stmt 1 discriminator 2
 299 0180 9B871700 		addiw	a5,a5,1
 300              	.LVL25:
 301              	.L14:
  45:src/main.cpp  ****         ptr1[i] = 'X';
 302              		.loc 1 45 23 discriminator 3
 303 0184 1307F003 		li	a4,63
 304 0188 E356F7FE 		ble	a5,a4,.L24
 305              	.LBE3:
  47:src/main.cpp  ****     }
  48:src/main.cpp  ****     printString("UPIS U PTR1 USPESAN\n");
 306              		.loc 1 48 5
 307              		.loc 1 48 16 is_stmt 0
 308 018c 17050000 		lla	a0,.LC6
 308      13050500 
 309 0194 97000000 		call	_Z11printStringPKc
 309      E7800000 
GAS LISTING /tmp/ccipTYSm.s 			page 9


 310              	.LVL26:
  49:src/main.cpp  **** 
  50:src/main.cpp  ****     printString("TEST2/\n");
 311              		.loc 1 50 5 is_stmt 1
 312              		.loc 1 50 16 is_stmt 0
 313 019c 17050000 		lla	a0,.LC7
 313      13050500 
 314 01a4 97000000 		call	_Z11printStringPKc
 314      E7800000 
 315              	.LVL27:
  51:src/main.cpp  ****     char* ptr2 = (char*)MemoryAllocator::mem_alloc(100);
 316              		.loc 1 51 5 is_stmt 1
 317              		.loc 1 51 51 is_stmt 0
 318 01ac 13054006 		li	a0,100
 319 01b0 97000000 		call	_ZN15MemoryAllocator9mem_allocEm@plt
 319      E7800000 
 320              	.LVL28:
 321 01b8 13090500 		mv	s2,a0
 322              	.LVL29:
  52:src/main.cpp  ****     if (!ptr2){
 323              		.loc 1 52 5 is_stmt 1
 324 01bc 630A0514 		beqz	a0,.L25
  53:src/main.cpp  ****         printString("DRUGI MEMALPC VRATIO NULL");
  54:src/main.cpp  ****         return;
  55:src/main.cpp  ****     }
  56:src/main.cpp  **** 
  57:src/main.cpp  ****     printString("ADRESA PTR2 = ");
 325              		.loc 1 57 5
 326              		.loc 1 57 16 is_stmt 0
 327 01c0 17050000 		lla	a0,.LC9
 327      13050500 
 328              	.LVL30:
 329 01c8 97000000 		call	_Z11printStringPKc
 329      E7800000 
 330              	.LVL31:
  58:src/main.cpp  ****     printHex((size_t)ptr2);
 331              		.loc 1 58 5 is_stmt 1
 332              		.loc 1 58 13 is_stmt 0
 333 01d0 13050900 		mv	a0,s2
 334 01d4 97000000 		call	_Z8printHexm
 334      E7800000 
 335              	.LVL32:
  59:src/main.cpp  ****     printString("\n");
 336              		.loc 1 59 5 is_stmt 1
 337              		.loc 1 59 16 is_stmt 0
 338 01dc 17050000 		lla	a0,.LC5
 338      13050500 
 339 01e4 97000000 		call	_Z11printStringPKc
 339      E7800000 
 340              	.LVL33:
  60:src/main.cpp  **** 
  61:src/main.cpp  ****     if (ptr2 < ptr1){
 341              		.loc 1 61 5 is_stmt 1
 342 01ec 636C9912 		bgtu	s1,s2,.L26
  62:src/main.cpp  ****         printString("GRESKA PTR2 < PTR1");
  63:src/main.cpp  ****         return;
  64:src/main.cpp  ****     }
GAS LISTING /tmp/ccipTYSm.s 			page 10


  65:src/main.cpp  **** 
  66:src/main.cpp  ****     size_t razlika = (size_t)ptr2-(size_t)ptr1;
 343              		.loc 1 66 5
 344              		.loc 1 66 12 is_stmt 0
 345 01f0 B3099940 		sub	s3,s2,s1
  67:src/main.cpp  ****     printString("RASLIKA PTR2 i PTR1 = ");
 346              		.loc 1 67 5 is_stmt 1
 347              		.loc 1 67 16 is_stmt 0
 348 01f4 17050000 		lla	a0,.LC11
 348      13050500 
 349 01fc 97000000 		call	_Z11printStringPKc
 349      E7800000 
 350              	.LVL34:
  68:src/main.cpp  ****     printHex(razlika);
 351              		.loc 1 68 5 is_stmt 1
 352              		.loc 1 68 13 is_stmt 0
 353 0204 13850900 		mv	a0,s3
 354 0208 97000000 		call	_Z8printHexm
 354      E7800000 
 355              	.LVL35:
  69:src/main.cpp  ****     printString("\n");
 356              		.loc 1 69 5 is_stmt 1
 357              		.loc 1 69 16 is_stmt 0
 358 0210 17050000 		lla	a0,.LC5
 358      13050500 
 359 0218 97000000 		call	_Z11printStringPKc
 359      E7800000 
 360              	.LVL36:
  70:src/main.cpp  **** 
  71:src/main.cpp  ****     printString("TEST 3");
 361              		.loc 1 71 5 is_stmt 1
 362              		.loc 1 71 16 is_stmt 0
 363 0220 17050000 		lla	a0,.LC12
 363      13050500 
 364 0228 97000000 		call	_Z11printStringPKc
 364      E7800000 
 365              	.LVL37:
  72:src/main.cpp  **** 
  73:src/main.cpp  ****     char* ptr3 = (char*)MemoryAllocator::mem_alloc(MEM_BLOCK_SIZE*2);
 366              		.loc 1 73 5 is_stmt 1
 367              		.loc 1 73 51 is_stmt 0
 368 0230 13050008 		li	a0,128
 369 0234 97000000 		call	_ZN15MemoryAllocator9mem_allocEm@plt
 369      E7800000 
 370              	.LVL38:
 371 023c 93090500 		mv	s3,a0
 372              	.LVL39:
  74:src/main.cpp  ****     if (!ptr3){
 373              		.loc 1 74 5 is_stmt 1
 374 0240 63080510 		beqz	a0,.L27
  75:src/main.cpp  ****         printString("TRECI MEMALLOC VRATIO NLL");
  76:src/main.cpp  ****         return;
  77:src/main.cpp  ****     }
  78:src/main.cpp  ****     printString("ADRESA PTR3 =");
 375              		.loc 1 78 5
 376              		.loc 1 78 16 is_stmt 0
 377 0244 17050000 		lla	a0,.LC14
GAS LISTING /tmp/ccipTYSm.s 			page 11


 377      13050500 
 378              	.LVL40:
 379 024c 97000000 		call	_Z11printStringPKc
 379      E7800000 
 380              	.LVL41:
  79:src/main.cpp  ****     printHex((size_t)ptr3);
 381              		.loc 1 79 5 is_stmt 1
 382              		.loc 1 79 13 is_stmt 0
 383 0254 13850900 		mv	a0,s3
 384 0258 97000000 		call	_Z8printHexm
 384      E7800000 
 385              	.LVL42:
  80:src/main.cpp  ****     printString("\n");
 386              		.loc 1 80 5 is_stmt 1
 387              		.loc 1 80 16 is_stmt 0
 388 0260 17050000 		lla	a0,.LC5
 388      13050500 
 389 0268 97000000 		call	_Z11printStringPKc
 389      E7800000 
 390              	.LVL43:
  81:src/main.cpp  **** 
  82:src/main.cpp  **** 
  83:src/main.cpp  ****     printString("TETS 4");
 391              		.loc 1 83 5 is_stmt 1
 392              		.loc 1 83 16 is_stmt 0
 393 0270 17050000 		lla	a0,.LC15
 393      13050500 
 394 0278 97000000 		call	_Z11printStringPKc
 394      E7800000 
 395              	.LVL44:
  84:src/main.cpp  ****     if (MemoryAllocator::mem_free(ptr2)){
 396              		.loc 1 84 5 is_stmt 1
 397              		.loc 1 84 34 is_stmt 0
 398 0280 13050900 		mv	a0,s2
 399 0284 97000000 		call	_ZN15MemoryAllocator8mem_freeEPv@plt
 399      E7800000 
 400              	.LVL45:
 401              		.loc 1 84 5
 402 028c 631C050C 		bnez	a0,.L28
  85:src/main.cpp  ****         printString("NEUSPESNO OSLOBODJEN PTR2");
  86:src/main.cpp  ****         return;
  87:src/main.cpp  ****     }
  88:src/main.cpp  **** 
  89:src/main.cpp  ****     if (MemoryAllocator::mem_free(ptr3)){
 403              		.loc 1 89 5 is_stmt 1
 404              		.loc 1 89 34 is_stmt 0
 405 0290 13850900 		mv	a0,s3
 406 0294 97000000 		call	_ZN15MemoryAllocator8mem_freeEPv@plt
 406      E7800000 
 407              	.LVL46:
 408              		.loc 1 89 5
 409 029c 631E050C 		bnez	a0,.L29
  90:src/main.cpp  ****         printString("NEUSPESNO OSLOBODJEN PTR3");
  91:src/main.cpp  ****         return;
  92:src/main.cpp  ****     }
  93:src/main.cpp  **** 
  94:src/main.cpp  ****     if (MemoryAllocator::mem_free(ptr1)){
GAS LISTING /tmp/ccipTYSm.s 			page 12


 410              		.loc 1 94 5 is_stmt 1
 411              		.loc 1 94 34 is_stmt 0
 412 02a0 13850400 		mv	a0,s1
 413 02a4 97000000 		call	_ZN15MemoryAllocator8mem_freeEPv@plt
 413      E7800000 
 414              	.LVL47:
 415              		.loc 1 94 5
 416 02ac 6310050E 		bnez	a0,.L30
  95:src/main.cpp  ****         printString("NEUSPESNO OSLOBODJEN PTR1");
  96:src/main.cpp  ****         return;
  97:src/main.cpp  ****     }
  98:src/main.cpp  **** 
  99:src/main.cpp  ****     printString("PROVERA SPAJANJA\n");
 417              		.loc 1 99 5 is_stmt 1
 418              		.loc 1 99 16 is_stmt 0
 419 02b0 17050000 		lla	a0,.LC19
 419      13050500 
 420 02b8 97000000 		call	_Z11printStringPKc
 420      E7800000 
 421              	.LVL48:
 100:src/main.cpp  **** 
 101:src/main.cpp  ****     char* provera =(char*)MemoryAllocator::mem_alloc(MEM_BLOCK_SIZE*3);
 422              		.loc 1 101 5 is_stmt 1
 423              		.loc 1 101 53 is_stmt 0
 424 02c0 1305000C 		li	a0,192
 425 02c4 97000000 		call	_ZN15MemoryAllocator9mem_allocEm@plt
 425      E7800000 
 426              	.LVL49:
 427 02cc 93040500 		mv	s1,a0
 428              	.LVL50:
 102:src/main.cpp  **** 
 103:src/main.cpp  ****     if (!provera){
 429              		.loc 1 103 5 is_stmt 1
 430 02d0 6308050C 		beqz	a0,.L31
 104:src/main.cpp  ****         printString("NEUSPELA PROVERA");
 105:src/main.cpp  ****         return;
 106:src/main.cpp  ****     }
 107:src/main.cpp  **** 
 108:src/main.cpp  ****     printString("ADRWSA PROVERE = ");
 431              		.loc 1 108 5
 432              		.loc 1 108 16 is_stmt 0
 433 02d4 17050000 		lla	a0,.LC21
 433      13050500 
 434 02dc 97000000 		call	_Z11printStringPKc
 434      E7800000 
 435              	.LVL51:
 109:src/main.cpp  ****     printHex((size_t)provera);
 436              		.loc 1 109 5 is_stmt 1
 437              		.loc 1 109 13 is_stmt 0
 438 02e4 13850400 		mv	a0,s1
 439 02e8 97000000 		call	_Z8printHexm
 439      E7800000 
 440              	.LVL52:
 110:src/main.cpp  ****     printString("\n");
 441              		.loc 1 110 5 is_stmt 1
 442              		.loc 1 110 16 is_stmt 0
 443 02f0 17050000 		lla	a0,.LC5
GAS LISTING /tmp/ccipTYSm.s 			page 13


 443      13050500 
 444 02f8 97000000 		call	_Z11printStringPKc
 444      E7800000 
 445              	.LVL53:
 111:src/main.cpp  **** 
 112:src/main.cpp  ****     MemoryAllocator::mem_free(provera);
 446              		.loc 1 112 5 is_stmt 1
 447              		.loc 1 112 30 is_stmt 0
 448 0300 13850400 		mv	a0,s1
 449 0304 97000000 		call	_ZN15MemoryAllocator8mem_freeEPv@plt
 449      E7800000 
 450              	.LVL54:
 451 030c 6F008002 		j	.L10
 452              	.LVL55:
 453              	.L25:
  53:src/main.cpp  ****         return;
 454              		.loc 1 53 9 is_stmt 1
  53:src/main.cpp  ****         return;
 455              		.loc 1 53 20 is_stmt 0
 456 0310 17050000 		lla	a0,.LC8
 456      13050500 
 457              	.LVL56:
 458 0318 97000000 		call	_Z11printStringPKc
 458      E7800000 
 459              	.LVL57:
  54:src/main.cpp  ****     }
 460              		.loc 1 54 9 is_stmt 1
 461 0320 6F004001 		j	.L10
 462              	.L26:
  62:src/main.cpp  ****         return;
 463              		.loc 1 62 9
  62:src/main.cpp  ****         return;
 464              		.loc 1 62 20 is_stmt 0
 465 0324 17050000 		lla	a0,.LC10
 465      13050500 
 466 032c 97000000 		call	_Z11printStringPKc
 466      E7800000 
 467              	.LVL58:
  63:src/main.cpp  ****     }
 468              		.loc 1 63 9 is_stmt 1
 469              	.L10:
 113:src/main.cpp  **** }
 470              		.loc 1 113 1 is_stmt 0
 471 0334 83308102 		ld	ra,40(sp)
 472              		.cfi_remember_state
 473              		.cfi_restore 1
 474 0338 03340102 		ld	s0,32(sp)
 475              		.cfi_restore 8
 476              		.cfi_def_cfa 2, 48
 477 033c 83348101 		ld	s1,24(sp)
 478              		.cfi_restore 9
 479 0340 03390101 		ld	s2,16(sp)
 480              		.cfi_restore 18
 481 0344 83398100 		ld	s3,8(sp)
 482              		.cfi_restore 19
 483 0348 13010103 		addi	sp,sp,48
 484              		.cfi_def_cfa_offset 0
GAS LISTING /tmp/ccipTYSm.s 			page 14


 485 034c 67800000 		jr	ra
 486              	.LVL59:
 487              	.L27:
 488              		.cfi_restore_state
  75:src/main.cpp  ****         return;
 489              		.loc 1 75 9 is_stmt 1
  75:src/main.cpp  ****         return;
 490              		.loc 1 75 20 is_stmt 0
 491 0350 17050000 		lla	a0,.LC13
 491      13050500 
 492              	.LVL60:
 493 0358 97000000 		call	_Z11printStringPKc
 493      E7800000 
 494              	.LVL61:
  76:src/main.cpp  ****     }
 495              		.loc 1 76 9 is_stmt 1
 496 0360 6FF05FFD 		j	.L10
 497              	.L28:
  85:src/main.cpp  ****         return;
 498              		.loc 1 85 9
  85:src/main.cpp  ****         return;
 499              		.loc 1 85 20 is_stmt 0
 500 0364 17050000 		lla	a0,.LC16
 500      13050500 
 501 036c 97000000 		call	_Z11printStringPKc
 501      E7800000 
 502              	.LVL62:
  86:src/main.cpp  ****     }
 503              		.loc 1 86 9 is_stmt 1
 504 0374 6FF01FFC 		j	.L10
 505              	.L29:
  90:src/main.cpp  ****         return;
 506              		.loc 1 90 9
  90:src/main.cpp  ****         return;
 507              		.loc 1 90 20 is_stmt 0
 508 0378 17050000 		lla	a0,.LC17
 508      13050500 
 509 0380 97000000 		call	_Z11printStringPKc
 509      E7800000 
 510              	.LVL63:
  91:src/main.cpp  ****     }
 511              		.loc 1 91 9 is_stmt 1
 512 0388 6FF0DFFA 		j	.L10
 513              	.L30:
  95:src/main.cpp  ****         return;
 514              		.loc 1 95 9
  95:src/main.cpp  ****         return;
 515              		.loc 1 95 20 is_stmt 0
 516 038c 17050000 		lla	a0,.LC18
 516      13050500 
 517 0394 97000000 		call	_Z11printStringPKc
 517      E7800000 
 518              	.LVL64:
  96:src/main.cpp  ****     }
 519              		.loc 1 96 9 is_stmt 1
 520 039c 6FF09FF9 		j	.L10
 521              	.LVL65:
GAS LISTING /tmp/ccipTYSm.s 			page 15


 522              	.L31:
 104:src/main.cpp  ****         return;
 523              		.loc 1 104 9
 104:src/main.cpp  ****         return;
 524              		.loc 1 104 20 is_stmt 0
 525 03a0 17050000 		lla	a0,.LC20
 525      13050500 
 526 03a8 97000000 		call	_Z11printStringPKc
 526      E7800000 
 527              	.LVL66:
 105:src/main.cpp  ****     }
 528              		.loc 1 105 9 is_stmt 1
 529 03b0 6FF05FF8 		j	.L10
 530              		.cfi_endproc
 531              	.LFE2:
 533              		.align	2
 534              		.globl	main
 536              	main:
 537              	.LFB3:
 114:src/main.cpp  **** 
 115:src/main.cpp  **** void main(){
 538              		.loc 1 115 12
 539              		.cfi_startproc
 540 03b4 130101FF 		addi	sp,sp,-16
 541              		.cfi_def_cfa_offset 16
 542 03b8 23341100 		sd	ra,8(sp)
 543 03bc 23308100 		sd	s0,0(sp)
 544              		.cfi_offset 1, -8
 545              		.cfi_offset 8, -16
 546 03c0 13040101 		addi	s0,sp,16
 547              		.cfi_def_cfa 8, 0
 116:src/main.cpp  ****     MemoryAllocator::init();
 548              		.loc 1 116 5
 549              		.loc 1 116 26 is_stmt 0
 550 03c4 97000000 		call	_ZN15MemoryAllocator4initEv@plt
 550      E7800000 
 551              	.LVL67:
 117:src/main.cpp  ****     pokrenitest();
 552              		.loc 1 117 5 is_stmt 1
 553              		.loc 1 117 16 is_stmt 0
 554 03cc 97000000 		call	_Z11pokrenitestv
 554      E7800000 
 555              	.LVL68:
 556              	.L33:
 118:src/main.cpp  **** 
 119:src/main.cpp  ****     while(true){}
 557              		.loc 1 119 5 is_stmt 1 discriminator 1
 558              		.loc 1 119 5 discriminator 1
 559 03d4 6F000000 		j	.L33
 560              		.cfi_endproc
 561              	.LFE3:
 563              	.Letext0:
 564              		.file 2 "src/../h/../lib/hw.h"
 565              		.file 3 "src/../h/MemoryAllocator.hpp"
 566              		.file 4 "src/../lib/console.h"
GAS LISTING /tmp/ccipTYSm.s 			page 16


DEFINED SYMBOLS
                            *ABS*:0000000000000000 main.cpp
     /tmp/ccipTYSm.s:9      .text:0000000000000000 _Z11printStringPKc
     /tmp/ccipTYSm.s:13     .text:0000000000000000 .L0 
     /tmp/ccipTYSm.s:15     .text:0000000000000000 .L0 
     /tmp/ccipTYSm.s:16     .text:0000000000000004 .L0 
     /tmp/ccipTYSm.s:20     .text:0000000000000010 .L0 
     /tmp/ccipTYSm.s:21     .text:0000000000000010 .L0 
     /tmp/ccipTYSm.s:22     .text:0000000000000010 .L0 
     /tmp/ccipTYSm.s:24     .text:0000000000000014 .L0 
     /tmp/ccipTYSm.s:29     .text:0000000000000018 .L0 
     /tmp/ccipTYSm.s:30     .text:0000000000000018 .L0 
     /tmp/ccipTYSm.s:31     .text:0000000000000018 .L0 
     /tmp/ccipTYSm.s:33     .text:000000000000001c .L0 
     /tmp/ccipTYSm.s:35     .text:0000000000000020 .L0 
     /tmp/ccipTYSm.s:36     .text:0000000000000020 .L0 
     /tmp/ccipTYSm.s:39     .text:0000000000000028 .L0 
     /tmp/ccipTYSm.s:40     .text:0000000000000028 .L0 
     /tmp/ccipTYSm.s:43     .text:000000000000002c .L0 
     /tmp/ccipTYSm.s:46     .text:0000000000000030 .L0 
     /tmp/ccipTYSm.s:47     .text:0000000000000034 .L0 
     /tmp/ccipTYSm.s:49     .text:0000000000000038 .L0 
     /tmp/ccipTYSm.s:50     .text:0000000000000038 .L0 
     /tmp/ccipTYSm.s:52     .text:000000000000003c .L0 
     /tmp/ccipTYSm.s:55     .text:0000000000000040 .L0 
     /tmp/ccipTYSm.s:57     .text:0000000000000044 .L0 
     /tmp/ccipTYSm.s:68     .text:0000000000000044 _Z8printHexm
     /tmp/ccipTYSm.s:71     .text:0000000000000044 .L0 
     /tmp/ccipTYSm.s:73     .text:0000000000000044 .L0 
     /tmp/ccipTYSm.s:74     .text:0000000000000048 .L0 
     /tmp/ccipTYSm.s:78     .text:0000000000000054 .L0 
     /tmp/ccipTYSm.s:79     .text:0000000000000054 .L0 
     /tmp/ccipTYSm.s:80     .text:0000000000000054 .L0 
     /tmp/ccipTYSm.s:82     .text:0000000000000058 .L0 
     /tmp/ccipTYSm.s:84     .text:0000000000000058 .L0 
     /tmp/ccipTYSm.s:85     .text:0000000000000058 .L0 
     /tmp/ccipTYSm.s:93     .text:0000000000000078 .L0 
     /tmp/ccipTYSm.s:95     .text:0000000000000078 .L0 
     /tmp/ccipTYSm.s:96     .text:0000000000000078 .L0 
     /tmp/ccipTYSm.s:100    .text:000000000000007c .L0 
     /tmp/ccipTYSm.s:101    .text:000000000000007c .L0 
     /tmp/ccipTYSm.s:103    .text:0000000000000080 .L0 
     /tmp/ccipTYSm.s:104    .text:0000000000000080 .L0 
     /tmp/ccipTYSm.s:107    .text:0000000000000084 .L0 
     /tmp/ccipTYSm.s:111    .text:0000000000000090 .L0 
     /tmp/ccipTYSm.s:115    .text:000000000000009c .L0 
     /tmp/ccipTYSm.s:116    .text:000000000000009c .L0 
     /tmp/ccipTYSm.s:119    .text:00000000000000a0 .L0 
     /tmp/ccipTYSm.s:122    .text:00000000000000a4 .L0 
     /tmp/ccipTYSm.s:126    .text:00000000000000a8 .L0 
     /tmp/ccipTYSm.s:127    .text:00000000000000a8 .L0 
     /tmp/ccipTYSm.s:131    .text:00000000000000b0 .L0 
     /tmp/ccipTYSm.s:132    .text:00000000000000b0 .L0 
     /tmp/ccipTYSm.s:140    .text:00000000000000c8 .L0 
     /tmp/ccipTYSm.s:141    .text:00000000000000cc .L0 
     /tmp/ccipTYSm.s:143    .text:00000000000000d0 .L0 
     /tmp/ccipTYSm.s:144    .text:00000000000000d0 .L0 
GAS LISTING /tmp/ccipTYSm.s 			page 17


     /tmp/ccipTYSm.s:146    .text:00000000000000d4 .L0 
     /tmp/ccipTYSm.s:148    .text:00000000000000d8 .L0 
     /tmp/ccipTYSm.s:150    .text:00000000000000dc .L0 
     /tmp/ccipTYSm.s:221    .text:00000000000000dc _Z11pokrenitestv
     /tmp/ccipTYSm.s:224    .text:00000000000000dc .L0 
     /tmp/ccipTYSm.s:225    .text:00000000000000dc .L0 
     /tmp/ccipTYSm.s:226    .text:00000000000000e0 .L0 
     /tmp/ccipTYSm.s:232    .text:00000000000000f4 .L0 
     /tmp/ccipTYSm.s:233    .text:00000000000000f4 .L0 
     /tmp/ccipTYSm.s:234    .text:00000000000000f4 .L0 
     /tmp/ccipTYSm.s:235    .text:00000000000000f4 .L0 
     /tmp/ccipTYSm.s:236    .text:00000000000000f4 .L0 
     /tmp/ccipTYSm.s:238    .text:00000000000000f8 .L0 
     /tmp/ccipTYSm.s:240    .text:00000000000000f8 .L0 
     /tmp/ccipTYSm.s:241    .text:00000000000000f8 .L0 
     /tmp/ccipTYSm.s:245    .text:0000000000000108 .L0 
     /tmp/ccipTYSm.s:246    .text:0000000000000108 .L0 
     /tmp/ccipTYSm.s:250    .text:0000000000000118 .L0 
     /tmp/ccipTYSm.s:251    .text:0000000000000118 .L0 
     /tmp/ccipTYSm.s:255    .text:0000000000000124 .L0 
     /tmp/ccipTYSm.s:258    .text:000000000000012c .L0 
     /tmp/ccipTYSm.s:259    .text:000000000000012c .L0 
     /tmp/ccipTYSm.s:264    .text:000000000000013c .L0 
     /tmp/ccipTYSm.s:265    .text:000000000000013c .L0 
     /tmp/ccipTYSm.s:269    .text:0000000000000148 .L0 
     /tmp/ccipTYSm.s:270    .text:0000000000000148 .L0 
     /tmp/ccipTYSm.s:275    .text:0000000000000158 .L0 
     /tmp/ccipTYSm.s:276    .text:0000000000000158 .L0 
     /tmp/ccipTYSm.s:282    .text:0000000000000160 .L0 
     /tmp/ccipTYSm.s:283    .text:0000000000000160 .L0 
     /tmp/ccipTYSm.s:288    .text:0000000000000170 .L0 
     /tmp/ccipTYSm.s:293    .text:0000000000000174 .L0 
     /tmp/ccipTYSm.s:294    .text:0000000000000174 .L0 
     /tmp/ccipTYSm.s:296    .text:0000000000000178 .L0 
     /tmp/ccipTYSm.s:299    .text:0000000000000180 .L0 
     /tmp/ccipTYSm.s:303    .text:0000000000000184 .L0 
     /tmp/ccipTYSm.s:307    .text:000000000000018c .L0 
     /tmp/ccipTYSm.s:308    .text:000000000000018c .L0 
     /tmp/ccipTYSm.s:312    .text:000000000000019c .L0 
     /tmp/ccipTYSm.s:313    .text:000000000000019c .L0 
     /tmp/ccipTYSm.s:317    .text:00000000000001ac .L0 
     /tmp/ccipTYSm.s:318    .text:00000000000001ac .L0 
     /tmp/ccipTYSm.s:324    .text:00000000000001bc .L0 
     /tmp/ccipTYSm.s:326    .text:00000000000001c0 .L0 
     /tmp/ccipTYSm.s:327    .text:00000000000001c0 .L0 
     /tmp/ccipTYSm.s:332    .text:00000000000001d0 .L0 
     /tmp/ccipTYSm.s:333    .text:00000000000001d0 .L0 
     /tmp/ccipTYSm.s:337    .text:00000000000001dc .L0 
     /tmp/ccipTYSm.s:338    .text:00000000000001dc .L0 
     /tmp/ccipTYSm.s:342    .text:00000000000001ec .L0 
     /tmp/ccipTYSm.s:344    .text:00000000000001f0 .L0 
     /tmp/ccipTYSm.s:345    .text:00000000000001f0 .L0 
     /tmp/ccipTYSm.s:347    .text:00000000000001f4 .L0 
     /tmp/ccipTYSm.s:348    .text:00000000000001f4 .L0 
     /tmp/ccipTYSm.s:352    .text:0000000000000204 .L0 
     /tmp/ccipTYSm.s:353    .text:0000000000000204 .L0 
     /tmp/ccipTYSm.s:357    .text:0000000000000210 .L0 
GAS LISTING /tmp/ccipTYSm.s 			page 18


     /tmp/ccipTYSm.s:358    .text:0000000000000210 .L0 
     /tmp/ccipTYSm.s:362    .text:0000000000000220 .L0 
     /tmp/ccipTYSm.s:363    .text:0000000000000220 .L0 
     /tmp/ccipTYSm.s:367    .text:0000000000000230 .L0 
     /tmp/ccipTYSm.s:368    .text:0000000000000230 .L0 
     /tmp/ccipTYSm.s:374    .text:0000000000000240 .L0 
     /tmp/ccipTYSm.s:376    .text:0000000000000244 .L0 
     /tmp/ccipTYSm.s:377    .text:0000000000000244 .L0 
     /tmp/ccipTYSm.s:382    .text:0000000000000254 .L0 
     /tmp/ccipTYSm.s:383    .text:0000000000000254 .L0 
     /tmp/ccipTYSm.s:387    .text:0000000000000260 .L0 
     /tmp/ccipTYSm.s:388    .text:0000000000000260 .L0 
     /tmp/ccipTYSm.s:392    .text:0000000000000270 .L0 
     /tmp/ccipTYSm.s:393    .text:0000000000000270 .L0 
     /tmp/ccipTYSm.s:397    .text:0000000000000280 .L0 
     /tmp/ccipTYSm.s:398    .text:0000000000000280 .L0 
     /tmp/ccipTYSm.s:402    .text:000000000000028c .L0 
     /tmp/ccipTYSm.s:404    .text:0000000000000290 .L0 
     /tmp/ccipTYSm.s:405    .text:0000000000000290 .L0 
     /tmp/ccipTYSm.s:409    .text:000000000000029c .L0 
     /tmp/ccipTYSm.s:411    .text:00000000000002a0 .L0 
     /tmp/ccipTYSm.s:412    .text:00000000000002a0 .L0 
     /tmp/ccipTYSm.s:416    .text:00000000000002ac .L0 
     /tmp/ccipTYSm.s:418    .text:00000000000002b0 .L0 
     /tmp/ccipTYSm.s:419    .text:00000000000002b0 .L0 
     /tmp/ccipTYSm.s:423    .text:00000000000002c0 .L0 
     /tmp/ccipTYSm.s:424    .text:00000000000002c0 .L0 
     /tmp/ccipTYSm.s:430    .text:00000000000002d0 .L0 
     /tmp/ccipTYSm.s:432    .text:00000000000002d4 .L0 
     /tmp/ccipTYSm.s:433    .text:00000000000002d4 .L0 
     /tmp/ccipTYSm.s:437    .text:00000000000002e4 .L0 
     /tmp/ccipTYSm.s:438    .text:00000000000002e4 .L0 
     /tmp/ccipTYSm.s:442    .text:00000000000002f0 .L0 
     /tmp/ccipTYSm.s:443    .text:00000000000002f0 .L0 
     /tmp/ccipTYSm.s:447    .text:0000000000000300 .L0 
     /tmp/ccipTYSm.s:448    .text:0000000000000300 .L0 
     /tmp/ccipTYSm.s:455    .text:0000000000000310 .L0 
     /tmp/ccipTYSm.s:456    .text:0000000000000310 .L0 
     /tmp/ccipTYSm.s:461    .text:0000000000000320 .L0 
     /tmp/ccipTYSm.s:464    .text:0000000000000324 .L0 
     /tmp/ccipTYSm.s:465    .text:0000000000000324 .L0 
     /tmp/ccipTYSm.s:470    .text:0000000000000334 .L0 
     /tmp/ccipTYSm.s:471    .text:0000000000000334 .L0 
     /tmp/ccipTYSm.s:472    .text:0000000000000338 .L0 
     /tmp/ccipTYSm.s:473    .text:0000000000000338 .L0 
     /tmp/ccipTYSm.s:475    .text:000000000000033c .L0 
     /tmp/ccipTYSm.s:476    .text:000000000000033c .L0 
     /tmp/ccipTYSm.s:478    .text:0000000000000340 .L0 
     /tmp/ccipTYSm.s:480    .text:0000000000000344 .L0 
     /tmp/ccipTYSm.s:482    .text:0000000000000348 .L0 
     /tmp/ccipTYSm.s:484    .text:000000000000034c .L0 
     /tmp/ccipTYSm.s:488    .text:0000000000000350 .L0 
     /tmp/ccipTYSm.s:490    .text:0000000000000350 .L0 
     /tmp/ccipTYSm.s:491    .text:0000000000000350 .L0 
     /tmp/ccipTYSm.s:496    .text:0000000000000360 .L0 
     /tmp/ccipTYSm.s:499    .text:0000000000000364 .L0 
     /tmp/ccipTYSm.s:500    .text:0000000000000364 .L0 
GAS LISTING /tmp/ccipTYSm.s 			page 19


     /tmp/ccipTYSm.s:504    .text:0000000000000374 .L0 
     /tmp/ccipTYSm.s:507    .text:0000000000000378 .L0 
     /tmp/ccipTYSm.s:508    .text:0000000000000378 .L0 
     /tmp/ccipTYSm.s:512    .text:0000000000000388 .L0 
     /tmp/ccipTYSm.s:515    .text:000000000000038c .L0 
     /tmp/ccipTYSm.s:516    .text:000000000000038c .L0 
     /tmp/ccipTYSm.s:520    .text:000000000000039c .L0 
     /tmp/ccipTYSm.s:524    .text:00000000000003a0 .L0 
     /tmp/ccipTYSm.s:525    .text:00000000000003a0 .L0 
     /tmp/ccipTYSm.s:529    .text:00000000000003b0 .L0 
     /tmp/ccipTYSm.s:530    .text:00000000000003b4 .L0 
     /tmp/ccipTYSm.s:536    .text:00000000000003b4 main
     /tmp/ccipTYSm.s:539    .text:00000000000003b4 .L0 
     /tmp/ccipTYSm.s:540    .text:00000000000003b4 .L0 
     /tmp/ccipTYSm.s:541    .text:00000000000003b8 .L0 
     /tmp/ccipTYSm.s:544    .text:00000000000003c0 .L0 
     /tmp/ccipTYSm.s:545    .text:00000000000003c0 .L0 
     /tmp/ccipTYSm.s:547    .text:00000000000003c4 .L0 
     /tmp/ccipTYSm.s:549    .text:00000000000003c4 .L0 
     /tmp/ccipTYSm.s:550    .text:00000000000003c4 .L0 
     /tmp/ccipTYSm.s:553    .text:00000000000003cc .L0 
     /tmp/ccipTYSm.s:554    .text:00000000000003cc .L0 
     /tmp/ccipTYSm.s:558    .text:00000000000003d4 .L0 
     /tmp/ccipTYSm.s:559    .text:00000000000003d4 .L0 
     /tmp/ccipTYSm.s:560    .text:00000000000003d8 .L0 
     /tmp/ccipTYSm.s:567    .text:00000000000003d8 .L0 
     /tmp/ccipTYSm.s:62     .rodata.str1.8:0000000000000000 .LC0
     /tmp/ccipTYSm.s:85     .text:0000000000000058 .L0 
     /tmp/ccipTYSm.s:155    .rodata.str1.8:0000000000000018 .LC1
     /tmp/ccipTYSm.s:241    .text:00000000000000f8 .L0 
     /tmp/ccipTYSm.s:158    .rodata.str1.8:0000000000000050 .LC2
     /tmp/ccipTYSm.s:246    .text:0000000000000108 .L0 
     /tmp/ccipTYSm.s:164    .rodata.str1.8:0000000000000070 .LC4
     /tmp/ccipTYSm.s:259    .text:000000000000012c .L0 
     /tmp/ccipTYSm.s:167    .rodata.str1.8:0000000000000080 .LC5
     /tmp/ccipTYSm.s:270    .text:0000000000000148 .L0 
     /tmp/ccipTYSm.s:161    .rodata.str1.8:0000000000000058 .LC3
     /tmp/ccipTYSm.s:283    .text:0000000000000160 .L0 
     /tmp/ccipTYSm.s:170    .rodata.str1.8:0000000000000088 .LC6
     /tmp/ccipTYSm.s:308    .text:000000000000018c .L0 
     /tmp/ccipTYSm.s:173    .rodata.str1.8:00000000000000a0 .LC7
     /tmp/ccipTYSm.s:313    .text:000000000000019c .L0 
     /tmp/ccipTYSm.s:179    .rodata.str1.8:00000000000000c8 .LC9
     /tmp/ccipTYSm.s:327    .text:00000000000001c0 .L0 
     /tmp/ccipTYSm.s:338    .text:00000000000001dc .L0 
     /tmp/ccipTYSm.s:185    .rodata.str1.8:00000000000000f0 .LC11
     /tmp/ccipTYSm.s:348    .text:00000000000001f4 .L0 
     /tmp/ccipTYSm.s:358    .text:0000000000000210 .L0 
     /tmp/ccipTYSm.s:188    .rodata.str1.8:0000000000000108 .LC12
     /tmp/ccipTYSm.s:363    .text:0000000000000220 .L0 
     /tmp/ccipTYSm.s:194    .rodata.str1.8:0000000000000130 .LC14
     /tmp/ccipTYSm.s:377    .text:0000000000000244 .L0 
     /tmp/ccipTYSm.s:388    .text:0000000000000260 .L0 
     /tmp/ccipTYSm.s:197    .rodata.str1.8:0000000000000140 .LC15
     /tmp/ccipTYSm.s:393    .text:0000000000000270 .L0 
     /tmp/ccipTYSm.s:209    .rodata.str1.8:00000000000001a8 .LC19
     /tmp/ccipTYSm.s:419    .text:00000000000002b0 .L0 
GAS LISTING /tmp/ccipTYSm.s 			page 20


     /tmp/ccipTYSm.s:215    .rodata.str1.8:00000000000001d8 .LC21
     /tmp/ccipTYSm.s:433    .text:00000000000002d4 .L0 
     /tmp/ccipTYSm.s:443    .text:00000000000002f0 .L0 
     /tmp/ccipTYSm.s:176    .rodata.str1.8:00000000000000a8 .LC8
     /tmp/ccipTYSm.s:456    .text:0000000000000310 .L0 
     /tmp/ccipTYSm.s:182    .rodata.str1.8:00000000000000d8 .LC10
     /tmp/ccipTYSm.s:465    .text:0000000000000324 .L0 
     /tmp/ccipTYSm.s:191    .rodata.str1.8:0000000000000110 .LC13
     /tmp/ccipTYSm.s:491    .text:0000000000000350 .L0 
     /tmp/ccipTYSm.s:200    .rodata.str1.8:0000000000000148 .LC16
     /tmp/ccipTYSm.s:500    .text:0000000000000364 .L0 
     /tmp/ccipTYSm.s:203    .rodata.str1.8:0000000000000168 .LC17
     /tmp/ccipTYSm.s:508    .text:0000000000000378 .L0 
     /tmp/ccipTYSm.s:206    .rodata.str1.8:0000000000000188 .LC18
     /tmp/ccipTYSm.s:516    .text:000000000000038c .L0 
     /tmp/ccipTYSm.s:212    .rodata.str1.8:00000000000001c0 .LC20
     /tmp/ccipTYSm.s:525    .text:00000000000003a0 .L0 
     /tmp/ccipTYSm.s:44     .text:0000000000000030 .L1
     /tmp/ccipTYSm.s:27     .text:0000000000000018 .L3
     /tmp/ccipTYSm.s:124    .text:00000000000000a8 .L6
     /tmp/ccipTYSm.s:98     .text:000000000000007c .L7
     /tmp/ccipTYSm.s:138    .text:00000000000000c8 .L5
     /tmp/ccipTYSm.s:279    .text:0000000000000160 .L23
     /tmp/ccipTYSm.s:301    .text:0000000000000184 .L14
     /tmp/ccipTYSm.s:469    .text:0000000000000334 .L10
     /tmp/ccipTYSm.s:290    .text:0000000000000174 .L24
     /tmp/ccipTYSm.s:453    .text:0000000000000310 .L25
     /tmp/ccipTYSm.s:462    .text:0000000000000324 .L26
     /tmp/ccipTYSm.s:487    .text:0000000000000350 .L27
     /tmp/ccipTYSm.s:497    .text:0000000000000364 .L28
     /tmp/ccipTYSm.s:505    .text:0000000000000378 .L29
     /tmp/ccipTYSm.s:513    .text:000000000000038c .L30
     /tmp/ccipTYSm.s:522    .text:00000000000003a0 .L31
     /tmp/ccipTYSm.s:556    .text:00000000000003d4 .L33
     /tmp/ccipTYSm.s:1391   .debug_abbrev:0000000000000000 .Ldebug_abbrev0
     /tmp/ccipTYSm.s:2100   .debug_str:000000000000013d .LASF40
     /tmp/ccipTYSm.s:2108   .debug_str:0000000000000232 .LASF41
     /tmp/ccipTYSm.s:2082   .debug_str:0000000000000098 .LASF42
     /tmp/ccipTYSm.s:5      .text:0000000000000000 .Ltext0
     /tmp/ccipTYSm.s:563    .text:00000000000003d8 .Letext0
     /tmp/ccipTYSm.s:2052   .debug_line:0000000000000000 .Ldebug_line0
     /tmp/ccipTYSm.s:2110   .debug_str:000000000000023f .LASF0
     /tmp/ccipTYSm.s:2094   .debug_str:0000000000000112 .LASF1
     /tmp/ccipTYSm.s:2088   .debug_str:00000000000000e5 .LASF2
     /tmp/ccipTYSm.s:2072   .debug_str:0000000000000063 .LASF4
     /tmp/ccipTYSm.s:2092   .debug_str:0000000000000100 .LASF3
     /tmp/ccipTYSm.s:2058   .debug_str:0000000000000023 .LASF5
     /tmp/ccipTYSm.s:2054   .debug_str:0000000000000000 .LASF6
     /tmp/ccipTYSm.s:2128   .debug_str:00000000000002c7 .LASF7
     /tmp/ccipTYSm.s:2116   .debug_str:0000000000000260 .LASF8
     /tmp/ccipTYSm.s:2068   .debug_str:000000000000004d .LASF9
     /tmp/ccipTYSm.s:2148   .debug_str:000000000000033e .LASF10
     /tmp/ccipTYSm.s:2084   .debug_str:00000000000000b5 .LASF11
     /tmp/ccipTYSm.s:2136   .debug_str:0000000000000307 .LASF12
     /tmp/ccipTYSm.s:2122   .debug_str:00000000000002a2 .LASF13
     /tmp/ccipTYSm.s:2096   .debug_str:0000000000000125 .LASF14
     /tmp/ccipTYSm.s:2076   .debug_str:000000000000006f .LASF15
GAS LISTING /tmp/ccipTYSm.s 			page 21


     /tmp/ccipTYSm.s:2118   .debug_str:0000000000000270 .LASF16
     /tmp/ccipTYSm.s:2112   .debug_str:000000000000024c .LASF43
     /tmp/ccipTYSm.s:2142   .debug_str:000000000000032f .LASF17
     /tmp/ccipTYSm.s:2060   .debug_str:000000000000002a .LASF18
     /tmp/ccipTYSm.s:2056   .debug_str:0000000000000013 .LASF24
     /tmp/ccipTYSm.s:2104   .debug_str:0000000000000206 .LASF26
     /tmp/ccipTYSm.s:2074   .debug_str:000000000000006a .LASF44
     /tmp/ccipTYSm.s:2120   .debug_str:0000000000000286 .LASF45
     /tmp/ccipTYSm.s:2140   .debug_str:0000000000000325 .LASF19
     /tmp/ccipTYSm.s:2132   .debug_str:00000000000002e1 .LASF21
     /tmp/ccipTYSm.s:2124   .debug_str:00000000000002b2 .LASF20
     /tmp/ccipTYSm.s:2086   .debug_str:00000000000000c4 .LASF22
     /tmp/ccipTYSm.s:2138   .debug_str:0000000000000317 .LASF46
     /tmp/ccipTYSm.s:2102   .debug_str:0000000000000201 .LASF23
     /tmp/ccipTYSm.s:537    .text:00000000000003b4 .LFB3
     /tmp/ccipTYSm.s:561    .text:00000000000003d8 .LFE3
     /tmp/ccipTYSm.s:551    .text:00000000000003cc .LVL67
     /tmp/ccipTYSm.s:555    .text:00000000000003d4 .LVL68
     /tmp/ccipTYSm.s:2126   .debug_str:00000000000002bb .LASF25
     /tmp/ccipTYSm.s:2062   .debug_str:000000000000002f .LASF27
     /tmp/ccipTYSm.s:222    .text:00000000000000dc .LFB2
     /tmp/ccipTYSm.s:531    .text:00000000000003b4 .LFE2
     /tmp/ccipTYSm.s:2144   .debug_str:0000000000000334 .LASF28
     /tmp/ccipTYSm.s:1895   .debug_loc:0000000000000000 .LLST3
     /tmp/ccipTYSm.s:2146   .debug_str:0000000000000339 .LASF29
     /tmp/ccipTYSm.s:1922   .debug_loc:0000000000000082 .LLST4
     /tmp/ccipTYSm.s:2070   .debug_str:000000000000005b .LASF30
     /tmp/ccipTYSm.s:2066   .debug_str:0000000000000048 .LASF31
     /tmp/ccipTYSm.s:1945   .debug_loc:00000000000000f1 .LLST5
     /tmp/ccipTYSm.s:2064   .debug_str:0000000000000040 .LASF32
     /tmp/ccipTYSm.s:1964   .debug_loc:000000000000014d .LLST6
     /tmp/ccipTYSm.s:2044   .debug_ranges:0000000000000000 .Ldebug_ranges0
     /tmp/ccipTYSm.s:1975   .debug_loc:0000000000000183 .LLST7
     /tmp/ccipTYSm.s:243    .text:0000000000000108 .LVL14
     /tmp/ccipTYSm.s:248    .text:0000000000000118 .LVL15
     /tmp/ccipTYSm.s:253    .text:0000000000000124 .LVL16
     /tmp/ccipTYSm.s:262    .text:000000000000013c .LVL18
     /tmp/ccipTYSm.s:267    .text:0000000000000148 .LVL19
     /tmp/ccipTYSm.s:272    .text:0000000000000158 .LVL20
     /tmp/ccipTYSm.s:286    .text:0000000000000170 .LVL23
     /tmp/ccipTYSm.s:310    .text:000000000000019c .LVL26
     /tmp/ccipTYSm.s:315    .text:00000000000001ac .LVL27
     /tmp/ccipTYSm.s:320    .text:00000000000001b8 .LVL28
     /tmp/ccipTYSm.s:330    .text:00000000000001d0 .LVL31
     /tmp/ccipTYSm.s:335    .text:00000000000001dc .LVL32
     /tmp/ccipTYSm.s:340    .text:00000000000001ec .LVL33
     /tmp/ccipTYSm.s:350    .text:0000000000000204 .LVL34
     /tmp/ccipTYSm.s:355    .text:0000000000000210 .LVL35
     /tmp/ccipTYSm.s:360    .text:0000000000000220 .LVL36
     /tmp/ccipTYSm.s:365    .text:0000000000000230 .LVL37
     /tmp/ccipTYSm.s:370    .text:000000000000023c .LVL38
     /tmp/ccipTYSm.s:380    .text:0000000000000254 .LVL41
     /tmp/ccipTYSm.s:385    .text:0000000000000260 .LVL42
     /tmp/ccipTYSm.s:390    .text:0000000000000270 .LVL43
     /tmp/ccipTYSm.s:395    .text:0000000000000280 .LVL44
     /tmp/ccipTYSm.s:400    .text:000000000000028c .LVL45
     /tmp/ccipTYSm.s:407    .text:000000000000029c .LVL46
GAS LISTING /tmp/ccipTYSm.s 			page 22


     /tmp/ccipTYSm.s:414    .text:00000000000002ac .LVL47
     /tmp/ccipTYSm.s:421    .text:00000000000002c0 .LVL48
     /tmp/ccipTYSm.s:426    .text:00000000000002cc .LVL49
     /tmp/ccipTYSm.s:435    .text:00000000000002e4 .LVL51
     /tmp/ccipTYSm.s:440    .text:00000000000002f0 .LVL52
     /tmp/ccipTYSm.s:445    .text:0000000000000300 .LVL53
     /tmp/ccipTYSm.s:450    .text:000000000000030c .LVL54
     /tmp/ccipTYSm.s:459    .text:0000000000000320 .LVL57
     /tmp/ccipTYSm.s:467    .text:0000000000000334 .LVL58
     /tmp/ccipTYSm.s:494    .text:0000000000000360 .LVL61
     /tmp/ccipTYSm.s:502    .text:0000000000000374 .LVL62
     /tmp/ccipTYSm.s:510    .text:0000000000000388 .LVL63
     /tmp/ccipTYSm.s:518    .text:000000000000039c .LVL64
     /tmp/ccipTYSm.s:527    .text:00000000000003b0 .LVL66
     /tmp/ccipTYSm.s:2134   .debug_str:0000000000000302 .LASF33
     /tmp/ccipTYSm.s:2080   .debug_str:000000000000008f .LASF34
     /tmp/ccipTYSm.s:2090   .debug_str:00000000000000f3 .LASF35
     /tmp/ccipTYSm.s:69     .text:0000000000000044 .LFB1
     /tmp/ccipTYSm.s:151    .text:00000000000000dc .LFE1
     /tmp/ccipTYSm.s:1987   .debug_loc:00000000000001ba .LLST1
     /tmp/ccipTYSm.s:2078   .debug_str:0000000000000085 .LASF36
     /tmp/ccipTYSm.s:2130   .debug_str:00000000000002da .LASF37
     /tmp/ccipTYSm.s:1998   .debug_loc:00000000000001f0 .LLST2
     /tmp/ccipTYSm.s:136    .text:00000000000000c4 .LVL13
     /tmp/ccipTYSm.s:2098   .debug_str:0000000000000131 .LASF38
     /tmp/ccipTYSm.s:2106   .debug_str:000000000000021f .LASF39
     /tmp/ccipTYSm.s:10     .text:0000000000000000 .LFB0
     /tmp/ccipTYSm.s:58     .text:0000000000000044 .LFE0
     /tmp/ccipTYSm.s:2020   .debug_loc:000000000000024f .LLST0
     /tmp/ccipTYSm.s:37     .text:0000000000000028 .LVL2
     /tmp/ccipTYSm.s:2114   .debug_str:0000000000000259 .LASF47
     /tmp/ccipTYSm.s:260    .text:0000000000000134 .LVL17
     /tmp/ccipTYSm.s:278    .text:0000000000000160 .LVL21
     /tmp/ccipTYSm.s:284    .text:0000000000000168 .LVL22
     /tmp/ccipTYSm.s:289    .text:0000000000000174 .LVL24
     /tmp/ccipTYSm.s:428    .text:00000000000002d0 .LVL50
     /tmp/ccipTYSm.s:452    .text:0000000000000310 .LVL55
     /tmp/ccipTYSm.s:486    .text:0000000000000350 .LVL59
     /tmp/ccipTYSm.s:521    .text:00000000000003a0 .LVL65
     /tmp/ccipTYSm.s:322    .text:00000000000001bc .LVL29
     /tmp/ccipTYSm.s:328    .text:00000000000001c8 .LVL30
     /tmp/ccipTYSm.s:457    .text:0000000000000318 .LVL56
     /tmp/ccipTYSm.s:372    .text:0000000000000240 .LVL39
     /tmp/ccipTYSm.s:378    .text:000000000000024c .LVL40
     /tmp/ccipTYSm.s:492    .text:0000000000000358 .LVL60
     /tmp/ccipTYSm.s:72     .text:0000000000000044 .LVL5
     /tmp/ccipTYSm.s:117    .text:00000000000000a0 .LVL9
     /tmp/ccipTYSm.s:123    .text:00000000000000a8 .LVL11
     /tmp/ccipTYSm.s:94     .text:0000000000000078 .LVL6
     /tmp/ccipTYSm.s:97     .text:000000000000007c .LVL7
     /tmp/ccipTYSm.s:105    .text:0000000000000084 .LVL8
     /tmp/ccipTYSm.s:120    .text:00000000000000a4 .LVL10
     /tmp/ccipTYSm.s:128    .text:00000000000000ac .LVL12
     /tmp/ccipTYSm.s:14     .text:0000000000000000 .LVL0
     /tmp/ccipTYSm.s:26     .text:0000000000000018 .LVL1
     /tmp/ccipTYSm.s:53     .text:000000000000003c .LVL4
     /tmp/ccipTYSm.s:568    .debug_info:0000000000000000 .Ldebug_info0
GAS LISTING /tmp/ccipTYSm.s 			page 23


     /tmp/ccipTYSm.s:274    .text:0000000000000158 .LBB2
     /tmp/ccipTYSm.s:280    .text:0000000000000160 .LBE2
     /tmp/ccipTYSm.s:291    .text:0000000000000174 .LBB3
     /tmp/ccipTYSm.s:305    .text:000000000000018c .LBE3

UNDEFINED SYMBOLS
__putc
_ZN15MemoryAllocator9mem_allocEm
_ZN15MemoryAllocator8mem_freeEPv
_ZN15MemoryAllocator4initEv
